RAM Allocation [bytes]
Variable                                                                          Address   Size
------------------------------------------------------------------------------------------------
AveInPout150V                                                                     0x0300       4
DISPLAY                                                                           0x0304       4
SegmentData                                                                       0x0308      52

EEPROM Allocation [bytes]
Variable                                                                          Address   Size
------------------------------------------------------------------------------------------------

Register Allocation
Variable                                                                          Register  Size
------------------------------------------------------------------------------------------------
InPout150V                                                                        R3,R4        2
FreeCount                                                                         R5,R6        2
DISPLAY_Counter                                                                   R8           1

FLASH Allocation [words]
Function                                                                          Address   Size
------------------------------------------------------------------------------------------------
Motor_R_L_Off                                                                     0x00087     18
LEDS_On_Off                                                                       0x00099     20
Show_Value                                                                        0x000AD     36
timer0_ovf_isr                                                                    0x000D1    106
read_adc                                                                          0x0013B     29
main                                                                              0x00158    120
