RAM Allocation [bytes]
Variable                                                                          Address   Size
------------------------------------------------------------------------------------------------
AveInPout150V                                                                     0x0300       4
DISPLAY                                                                           0x0304       4
SegmentData                                                                       0x0308      52

EEPROM Allocation [bytes]
Variable                                                                          Address   Size
------------------------------------------------------------------------------------------------

Register Allocation
Variable                                                                          Register  Size
------------------------------------------------------------------------------------------------
InPout150V                                                                        R3,R4        2
FreeCount                                                                         R5,R6        2
error_state                                                                       R8           1
DISPLAY_Counter                                                                   R7           1

FLASH Allocation [words]
Function                                                                          Address   Size
------------------------------------------------------------------------------------------------
control_LED                                                                       0x00087     20
read_adc                                                                          0x0009B     29
timer0_ovf_isr                                                                    0x000B8    143
main                                                                              0x00147    102
TEST_show_value                                                                   0x001AD     23
